// Jest Snapshot v1, https://goo.gl/fbAQLP

exports[`Maps module tests should return categorical value mappings for indicators 1`] = `
"Object {
  \\"dataRevolution\\": Array [
    Object {
      \\"green\\": \\"Census in past 15 years or is due in next 2 years\\",
      \\"green-dark\\": \\"Census in past 10 years\\",
      \\"green-lighter\\": \\"Last census more than 15 years ago\\",
      \\"grey-light\\": \\"No data\\",
      \\"id\\": \\"data_series.latest_census\\",
    },
    Object {
      \\"green\\": \\"Survey in past 5 years or due in next year\\",
      \\"green-dark\\": \\"Survey in past 3 years\\",
      \\"green-lighter\\": \\"Last survey more than 5 years ago\\",
      \\"grey-light\\": \\"No data\\",
      \\"id\\": \\"data_series.latest_hh_survey\\",
    },
    Object {
      \\"green\\": \\"2 surveys in past 10 years\\",
      \\"green-dark\\": \\"3 or more surveys in past 10 years\\",
      \\"green-lighter\\": \\"1 or no surveys in past 10 years\\",
      \\"grey-light\\": \\"No data\\",
      \\"id\\": \\"data_series.number_of_surveys\\",
    },
    Object {
      \\"green\\": \\"Survey in past 5 years or due in next year\\",
      \\"green-dark\\": \\"Survey in past 3 years\\",
      \\"green-lighter\\": \\"Last survey more than 5 years ago\\",
      \\"grey-light\\": \\"No data\\",
      \\"id\\": \\"data_series.agricultural_census\\",
    },
    Object {
      \\"green\\": \\"Expanding: more than 40% of births registered\\",
      \\"green-dark\\": \\"Operational: more than 75% of births are registered\\",
      \\"green-lighter\\": \\"No system or less than 40% of births are registered\\",
      \\"grey-light\\": \\"No data\\",
      \\"id\\": \\"data_series.civil_reg_births\\",
    },
    Object {
      \\"green\\": \\"Expanding: some data provided to vital statistics\\",
      \\"green-dark\\": \\"Operational: more than 75% of deaths are registered\\",
      \\"green-lighter\\": \\"No operational system or no data provided to vital statistics\\",
      \\"grey-light\\": \\"No data\\",
      \\"id\\": \\"data_series.civil_reg_deaths\\",
    },
    Object {
      \\"green\\": \\"Partial coverage\\",
      \\"green-dark\\": \\"National coverage of all health facilties\\",
      \\"green-lighter\\": \\"No operational system\\",
      \\"grey-light\\": \\"No data\\",
      \\"id\\": \\"data_series.health_mis\\",
    },
    Object {
      \\"green\\": \\"Partial coverage\\",
      \\"green-dark\\": \\"National coverage of all education facilties\\",
      \\"green-lighter\\": \\"No operational system\\",
      \\"grey-light\\": \\"No data\\",
      \\"id\\": \\"data_series.educ_mis\\",
    },
    Object {
      \\"green\\": \\"50-69\\",
      \\"green-dark\\": \\"70-100\\",
      \\"green-lighter\\": \\"0-49\\",
      \\"grey-light\\": \\"No data\\",
      \\"id\\": \\"data_series.stat_capacity\\",
    },
  ],
  \\"fragileSates\\": Array [
    Object {
      \\"id\\": 1,
      \\"name\\": \\"Very sustainable\\",
    },
    Object {
      \\"id\\": 2,
      \\"name\\": \\"Sustainable\\",
    },
    Object {
      \\"id\\": 3,
      \\"name\\": \\"More stable\\",
    },
    Object {
      \\"id\\": 4,
      \\"name\\": \\"Stable\\",
    },
    Object {
      \\"id\\": 5,
      \\"name\\": \\"Less stable\\",
    },
    Object {
      \\"id\\": 6,
      \\"name\\": \\"Low warning\\",
    },
    Object {
      \\"id\\": 7,
      \\"name\\": \\"Warning\\",
    },
    Object {
      \\"id\\": 8,
      \\"name\\": \\"High warning\\",
    },
    Object {
      \\"id\\": 9,
      \\"name\\": \\"Alert\\",
    },
    Object {
      \\"id\\": 10,
      \\"name\\": \\"High alert\\",
    },
    Object {
      \\"id\\": 11,
      \\"name\\": \\"Very high alert\\",
    },
  ],
}"
`;
