// Jest Snapshot v1, https://goo.gl/fbAQLP

exports[`Site global Picture narratives and refrence module should return all themes 1`] = `
"Object {
  \\"default\\": \\"poor-people-190\\",
  \\"id\\": \\"poverty\\",
  \\"name\\": \\"Poverty\\",
  \\"position\\": \\"1\\",
}"
`;
