// Jest Snapshot v1, https://goo.gl/fbAQLP

exports[`ODA donor bubble chart module tests should return page data for the ODA donor bubble chart 1`] = `
"Array [
  Object {
    \\"id\\": \\"diff-providers-priorities\\",
    \\"meta\\": \\"\\",
    \\"narrative\\": \\"How effectively are donors targeting the countries with the highest numbers of people in poverty and the least domestic public resources to address it? This chart allows you to select a provider of aid to see how it allocates aid across countries\\",
    \\"title\\": \\"Different providers, different priorities\\",
  },
]"
`;
