// Jest Snapshot v1, https://goo.gl/fbAQLP

exports[`Unbundling aid DW module tests getting unbundling aid data of various types 1`] = `
"Object {
  \\"dataA\\": Array [
    Object {
      \\"color\\": \\"#0089cc\\",
      \\"id\\": \\"water-and-sanitation\\",
      \\"name\\": \\"Water and sanitation\\",
      \\"uid\\": \\"HJBmW4kLz\\",
      \\"value\\": 256626315,
      \\"year\\": 2016,
    },
    Object {
      \\"color\\": \\"#e8443a\\",
      \\"id\\": \\"agriculture-and-food-security\\",
      \\"name\\": \\"Agriculture and food security\\",
      \\"uid\\": \\"BJgSmb418M\\",
      \\"value\\": 601266533,
      \\"year\\": 2016,
    },
    Object {
      \\"color\\": \\"#f18e5e\\",
      \\"id\\": \\"infrastructure\\",
      \\"name\\": \\"Infrastructure\\",
      \\"uid\\": \\"rJbr7WEk8M\\",
      \\"value\\": 557242274,
      \\"year\\": 2016,
    },
    Object {
      \\"color\\": \\"#bc2629\\",
      \\"id\\": \\"humanitarian\\",
      \\"name\\": \\"Humanitarian\\",
      \\"uid\\": \\"HJzrQZV1LM\\",
      \\"value\\": 1956247242,
      \\"year\\": 2016,
    },
    Object {
      \\"color\\": \\"#893f90\\",
      \\"id\\": \\"other-social-services\\",
      \\"name\\": \\"Other social services\\",
      \\"uid\\": \\"H1mBQ-4kIM\\",
      \\"value\\": 650290388,
      \\"year\\": 2016,
    },
    Object {
      \\"color\\": \\"#d85b31\\",
      \\"id\\": \\"governance-security-and-civil-society\\",
      \\"name\\": \\"Governance, security and civil society\\",
      \\"uid\\": \\"SJVrQ-VyIf\\",
      \\"value\\": 1705654206,
      \\"year\\": 2016,
    },
    Object {
      \\"color\\": \\"#7b3b89\\",
      \\"id\\": \\"other\\",
      \\"name\\": \\"Other\\",
      \\"uid\\": \\"BJBHQ-Nk8f\\",
      \\"value\\": 2692965557,
      \\"year\\": 2016,
    },
    Object {
      \\"color\\": \\"#d64278\\",
      \\"id\\": \\"banking-and-business\\",
      \\"name\\": \\"Banking and business\\",
      \\"uid\\": \\"SkLrX-V1UM\\",
      \\"value\\": 726234481,
      \\"year\\": 2016,
    },
    Object {
      \\"color\\": \\"#f18e5e\\",
      \\"id\\": \\"environment\\",
      \\"name\\": \\"Environment\\",
      \\"uid\\": \\"BkDH7-NJ8f\\",
      \\"value\\": 479942454,
      \\"year\\": 2016,
    },
    Object {
      \\"color\\": \\"#007851\\",
      \\"id\\": \\"health\\",
      \\"name\\": \\"Health\\",
      \\"uid\\": \\"H1_HQ-EkLM\\",
      \\"value\\": 1588831733,
      \\"year\\": 2016,
    },
    Object {
      \\"color\\": \\"#8f1b13\\",
      \\"id\\": \\"debt-relief\\",
      \\"name\\": \\"Debt relief\\",
      \\"uid\\": \\"SyFrmZV1IM\\",
      \\"value\\": 3385670,
      \\"year\\": 2016,
    },
    Object {
      \\"color\\": \\"#5da3d9\\",
      \\"id\\": \\"industry-and-trade\\",
      \\"name\\": \\"Industry and trade\\",
      \\"uid\\": \\"Bk9SXZ4y8f\\",
      \\"value\\": 251511854,
      \\"year\\": 2016,
    },
    Object {
      \\"color\\": \\"#e8443a\\",
      \\"id\\": \\"education\\",
      \\"name\\": \\"Education\\",
      \\"uid\\": \\"SyiB7WVyIz\\",
      \\"value\\": 1456829853,
      \\"year\\": 2016,
    },
    Object {
      \\"color\\": \\"#893f90\\",
      \\"id\\": \\"general-budget-support\\",
      \\"name\\": \\"General budget support\\",
      \\"uid\\": \\"Hy2BQ-VJ8f\\",
      \\"value\\": 90330700,
      \\"year\\": 2016,
    },
  ],
  \\"dataC\\": Array [
    Object {
      \\"color\\": \\"#eb642b\\",
      \\"id\\": \\"oof-loan\\",
      \\"name\\": \\"OOF Loan\\",
      \\"uid\\": \\"BJ7X-N1LM\\",
      \\"value\\": 47093434145,
      \\"year\\": 2013,
    },
    Object {
      \\"color\\": \\"#0089cc\\",
      \\"id\\": \\"oof-grant\\",
      \\"name\\": \\"OOF Grant\\",
      \\"uid\\": \\"Skl77ZVkUf\\",
      \\"value\\": 723462217,
      \\"year\\": 2013,
    },
  ],
}"
`;

exports[`Unbundling aid DW module tests should return unbundling aid total 1`] = `
"Object {
  \\"totalAndYearODA\\": Object {
    \\"total\\": \\"181.1bn\\",
    \\"year\\": 2016,
  },
  \\"totalAndYearOOF\\": Object {
    \\"total\\": \\"47.8bn\\",
    \\"year\\": 2013,
  },
}"
`;
