// Jest Snapshot v1, https://goo.gl/fbAQLP

exports[`Themes data tests should return spotlight on uganda themes 1`] = `
"Array [
  Object {
    \\"default_indicator\\": \\"spotlight_on_uganda_2017.uganda_poverty_headcount\\",
    \\"id\\": \\"poverty_and_vulnerability\\",
    \\"indicators\\": Array [
      Object {
        \\"heading\\": \\"Percentage of people in poverty, in relation to the total population in a given area, based on the national poverty line. It does not take into account the depth of poverty. The data year is given as the document publication date, but is based on estimates from previous household surveys by the Uganda Bureau of Statistics.\\",
        \\"id\\": \\"spotlight_on_uganda_2017.uganda_poverty_headcount\\",
        \\"name\\": \\"Poverty headcount\\",
        \\"source\\": \\"Profiles of higher (district and municipal) local governments 2014, Uganda Bureau of Statistics.\\",
        \\"tooltip\\": \\"Poverty headcount.\\",
      },
      Object {
        \\"heading\\": \\"The basic needs for people to have a decent standard of living. The higher the score the better standard of living.\\",
        \\"id\\": \\"spotlight_on_uganda_2017.uganda_deprivation_living\\",
        \\"name\\": \\"Decent standard of living score\\",
        \\"source\\": \\"Profiles of higher (district and municipal) local governments 2014, Uganda Bureau of Statistics.\\",
        \\"tooltip\\": \\"Decent standard of living score (higher is better).\\",
      },
      Object {
        \\"heading\\": \\"Average number of years that a person can expect to live in 'full health' by taking into account years lived in less than full health due to disease and/or injury. This can be derived for either males or females and is, in most populations, slightly higher for females. Life expectancy is normally determined at birth but can be derived at any other age based on the current death rates.\\",
        \\"id\\": \\"spotlight_on_uganda_2017.uganda_life_expectancy\\",
        \\"name\\": \\"Life expectancy\\",
        \\"source\\": \\"Profiles of higher (district and municipal) local governments 2014, Uganda Bureau of Statistics.\\",
        \\"tooltip\\": \\"Life expectancy.\\",
      },
      Object {
        \\"heading\\": \\"Percentage of people who have a disability, by district.\\",
        \\"id\\": \\"spotlight_on_uganda_2017.uganda_disability\\",
        \\"name\\": \\"Population with a disability (%)\\",
        \\"source\\": \\"National Population and Housing Census 2014, Uganda Bureau of Statistics.\\",
        \\"tooltip\\": \\"Proportion of persons living with a disability (%).\\",
      },
      Object {
        \\"heading\\": \\"Proportion of persons living with a hearing disability (%), by district.\\",
        \\"id\\": \\"spotlight_on_uganda_2017.uganda_disability_hearing\\",
        \\"name\\": \\"Population with a hearing disability (%)\\",
        \\"source\\": \\"National Population and Housing Census 2014, Uganda Bureau of Statistics.\\",
        \\"tooltip\\": \\"Proportion of persons living with a hearing disability (%).\\",
      },
      Object {
        \\"heading\\": \\"Proportion of persons living with a remembering disability (%), by district.\\",
        \\"id\\": \\"spotlight_on_uganda_2017.uganda_disability_remembering\\",
        \\"name\\": \\"Population with a remembering disability (%)\\",
        \\"source\\": \\"National Population and Housing Census 2014, Uganda Bureau of Statistics.\\",
        \\"tooltip\\": \\"Proportion of persons living with a remembering disability (%).\\",
      },
      Object {
        \\"heading\\": \\"Proportion of persons living with a seeing disability (%), by district.\\",
        \\"id\\": \\"spotlight_on_uganda_2017.uganda_disability_seeing\\",
        \\"name\\": \\"Population with a seeing disability (%)\\",
        \\"source\\": \\"National Population and Housing Census 2014, Uganda Bureau of Statistics.\\",
        \\"tooltip\\": \\"Proportion of persons living with a seeing disability (%).\\",
      },
      Object {
        \\"heading\\": \\"Proportion of persons living with a walking disability (%), by district.\\",
        \\"id\\": \\"spotlight_on_uganda_2017.uganda_disability_walking\\",
        \\"name\\": \\"Population with a walking disability (%)\\",
        \\"source\\": \\"National Population and Housing Census 2014, Uganda Bureau of Statistics.\\",
        \\"tooltip\\": \\"Proportion of persons living with a walking disability (%).\\",
      },
      Object {
        \\"heading\\": \\"Percentageof children (12-17 years) who were ever married including those currently married.\\",
        \\"id\\": \\"spotlight_on_uganda_2017.uganda_child_marriage_total\\",
        \\"name\\": \\"Children ever married as a % of total child population\\",
        \\"source\\": \\"National Population and Housing Census 2014, Uganda Bureau of Statistics.\\",
        \\"tooltip\\": \\"Ever married children including currently married (%).\\",
      },
      Object {
        \\"heading\\": \\"Percentage of male children (12-17 years) who were ever married including those currently married.\\",
        \\"id\\": \\"spotlight_on_uganda_2017.uganda_child_marriage_male\\",
        \\"name\\": \\"Male children ever married as a % of total child population\\",
        \\"source\\": \\"National Population and Housing Census 2014, Uganda Bureau of Statistics.\\",
        \\"tooltip\\": \\"Ever married males including currently married (%).\\",
      },
      Object {
        \\"heading\\": \\"Percentage of female children (12-17 years) who were ever married including those currently married.\\",
        \\"id\\": \\"spotlight_on_uganda_2017.uganda_child_marriage_female\\",
        \\"name\\": \\"Female children ever married as a % of total child population\\",
        \\"source\\": \\"National Population and Housing Census 2014, Uganda Bureau of Statistics.\\",
        \\"tooltip\\": \\"Ever married females including currentlymarried (%).\\",
      },
      Object {
        \\"heading\\": \\"The percentage of households that received remittances, by district.\\",
        \\"id\\": \\"spotlight_on_uganda_2017.uganda_remittance\\",
        \\"name\\": \\"Households receiving remittances (%)\\",
        \\"source\\": \\"National Population and Housing Census 2014, Uganda Bureau of Statistics.\\",
        \\"tooltip\\": \\"Households which received remittances (%).\\",
      },
      Object {
        \\"heading\\": \\"Percentage of Households using electricity for cooking, by district.\\",
        \\"id\\": \\"spotlight_on_uganda_2017.uganda_energy_cooking_electricity\\",
        \\"name\\": \\"Households using electricity for cooking (%)\\",
        \\"source\\": \\"National Population and Housing Census 2014, Uganda Bureau of Statistics.\\",
        \\"tooltip\\": \\"The proportion of total households using electricity for cooking (%).\\",
      },
      Object {
        \\"heading\\": \\"Percentage of households using charcoal for cooking, by district.\\",
        \\"id\\": \\"spotlight_on_uganda_2017.uganda_energy_cooking_charcoal\\",
        \\"name\\": \\"Households using charcoal for cooking (%)\\",
        \\"source\\": \\"National Population and Housing Census 2014, Uganda Bureau of Statistics.\\",
        \\"tooltip\\": \\"The proportion of total households using charcoal for cooking (%).\\",
      },
      Object {
        \\"heading\\": \\"Percentage of households using firewood for cooking, by district.\\",
        \\"id\\": \\"spotlight_on_uganda_2017.uganda_energy_cooking_firewood\\",
        \\"name\\": \\"Households using firewood for cooking (%)\\",
        \\"source\\": \\"National Population and Housing Census 2014, Uganda Bureau of Statistics.\\",
        \\"tooltip\\": \\"The proportion of total households using firewood for cooking (%).\\",
      },
      Object {
        \\"heading\\": \\"Percentage of households using gas for cooking, by district.\\",
        \\"id\\": \\"spotlight_on_uganda_2017.uganda_energy_cooking_gas\\",
        \\"name\\": \\"Households using gas for cooking (%)\\",
        \\"source\\": \\"National Population and Housing Census 2014, Uganda Bureau of Statistics.\\",
        \\"tooltip\\": \\"The proportion of total households using gas for cooking (%).\\",
      },
      Object {
        \\"heading\\": \\"Percentage of households using a paraffin-stove for cooking, by district.\\",
        \\"id\\": \\"spotlight_on_uganda_2017.uganda_energy_cooking_paraffin_stove\\",
        \\"name\\": \\"Households using a paraffin stove for cooking (%)\\",
        \\"source\\": \\"National Population and Housing Census 2014, Uganda Bureau of Statistics.\\",
        \\"tooltip\\": \\"The proportion of total households using a paraffin stove for cooking (%).\\",
      },
      Object {
        \\"heading\\": \\"Percentage of households using electricity for lighting, by district.\\",
        \\"id\\": \\"spotlight_on_uganda_2017.uganda_energy_lighting_electricity\\",
        \\"name\\": \\"Households using electricity for lighting (%)\\",
        \\"source\\": \\"National Population and Housing Census 2014, Uganda Bureau of Statistics.\\",
        \\"tooltip\\": \\"The proportion of total households using electricity for lighting (%).\\",
      },
      Object {
        \\"heading\\": \\"Percentage of households using a paraffin lantern for lighting, by district.\\",
        \\"id\\": \\"spotlight_on_uganda_2017.uganda_energy_lighting_paraffin_lantern\\",
        \\"name\\": \\"Households using a paraffin lantern for lighting (%)\\",
        \\"source\\": \\"National Population and Housing Census 2014, Uganda Bureau of Statistics.\\",
        \\"tooltip\\": \\"The proportion of total households using a paraffin lantern for lighting (%).\\",
      },
      Object {
        \\"heading\\": \\"Percentage of households using gas for lighting, by district.\\",
        \\"id\\": \\"spotlight_on_uganda_2017.uganda_energy_lighting_gas\\",
        \\"name\\": \\"Households using gas for lighting (%)\\",
        \\"source\\": \\"National Population and Housing Census 2014, Uganda Bureau of Statistics.\\",
        \\"tooltip\\": \\"The proportion of total households using gas for lighting (%).\\",
      },
      Object {
        \\"heading\\": \\"Percentage of households using candles for lighting, by district.\\",
        \\"id\\": \\"spotlight_on_uganda_2017.uganda_energy_lighting_candle\\",
        \\"name\\": \\"Households using candles for lighting (%)\\",
        \\"source\\": \\"National Population and Housing Census 2014, Uganda Bureau of Statistics.\\",
        \\"tooltip\\": \\"The proportion of total households using candles for lighting (%).\\",
      },
      Object {
        \\"heading\\": \\"Percentage of households using a paraffin tadooba for lighting, by district.\\",
        \\"id\\": \\"spotlight_on_uganda_2017.uganda_energy_lighting_paraffin_tadooba\\",
        \\"name\\": \\"Households using a paraffin tadooba for lighting (%)\\",
        \\"source\\": \\"National Population and Housing Census 2014, Uganda Bureau of Statistics.\\",
        \\"tooltip\\": \\"The proportion of total households using a paraffin tadooba for lighting (%).\\",
      },
      Object {
        \\"heading\\": \\"Percentage of households using firewood for lighting, by district.\\",
        \\"id\\": \\"spotlight_on_uganda_2017.uganda_energy_lighting_firewood\\",
        \\"name\\": \\"Households using firewood for lighting (%)\\",
        \\"source\\": \\"National Population and Housing Census 2014, Uganda Bureau of Statistics.\\",
        \\"tooltip\\": \\"The proportion of total households using firewood for lighting (%).\\",
      },
    ],
    \\"name\\": \\"Poverty and vulnerability\\",
    \\"position\\": 1,
  },
  Object {
    \\"default_indicator\\": \\"spotlight_on_uganda_2017.uganda_total_pop\\",
    \\"id\\": \\"population\\",
    \\"indicators\\": Array [
      Object {
        \\"heading\\": \\"The number of people who live in a district.\\",
        \\"id\\": \\"spotlight_on_uganda_2017.uganda_total_pop\\",
        \\"name\\": \\"Total population\\",
        \\"source\\": \\"National Population and Housing Census 2014 and Population projections 2014 to 2020, Uganda Bureau of Statistics.\\",
        \\"tooltip\\": \\"Total population.\\",
      },
      Object {
        \\"heading\\": \\"The population per square kilometre, by district.\\",
        \\"id\\": \\"spotlight_on_uganda_2017.uganda_pop_dens\\",
        \\"name\\": \\"Population density (per sq km)\\",
        \\"source\\": \\"National Population and Housing Census 2014, Uganda Bureau of Statistics.\\",
        \\"tooltip\\": \\"Population density (per sq km).\\",
      },
      Object {
        \\"heading\\": \\"The rate of population growth, by district.\\",
        \\"id\\": \\"spotlight_on_uganda_2017.uganda_pop_growthrate\\",
        \\"name\\": \\"Annual population growth rate\\",
        \\"source\\": \\"National Population and Housing Census 2014, Uganda Bureau of Statistics.\\",
        \\"tooltip\\": \\"Annual population growth rate.\\",
      },
      Object {
        \\"heading\\": \\"The number of people who normally live and eat together, by district.\\",
        \\"id\\": \\"spotlight_on_uganda_2017.uganda_avg_house_size\\",
        \\"name\\": \\"Average household size\\",
        \\"source\\": \\"National Population and Housing Census 2014, Uganda Bureau of Statistics.\\",
        \\"tooltip\\": \\"Average household size.\\",
      },
      Object {
        \\"heading\\": \\"A ratio of people typically not in the labour force (the dependent part) and those typically in the labour force (the productive part). The higher the ratio, the higher the level of dependency.\\",
        \\"id\\": \\"spotlight_on_uganda_2017.uganda_dependency_ratio\\",
        \\"name\\": \\"Average dependency ratio\\",
        \\"source\\": \\"Profiles of higher (district and municipal) local governments 2014, Uganda Bureau of Statistics.\\",
        \\"tooltip\\": \\"Average dependency ratio.\\",
      },
      Object {
        \\"heading\\": \\"Percentage of population living in an urban setting, by district.\\",
        \\"id\\": \\"spotlight_on_uganda_2017.uganda_urban_pop\\",
        \\"name\\": \\"Urban population (%)\\",
        \\"source\\": \\"National Population and Housing Census 2014, Uganda Bureau of Statistics.\\",
        \\"tooltip\\": \\"Urban population (%).\\",
      },
      Object {
        \\"heading\\": \\"Number of males divided by number of females normalized by multiplying by 100, by district.\\",
        \\"id\\": \\"spotlight_on_uganda_2017.uganda_pop_sex_ratio\\",
        \\"name\\": \\"Sex ratio\\",
        \\"source\\": \\"National Population and Housing Census 2014 and Population projections 2014 to 2020, Uganda Bureau of Statistics.\\",
        \\"tooltip\\": \\"Sex ratio.\\",
      },
      Object {
        \\"heading\\": \\"Number of households.\\",
        \\"id\\": \\"spotlight_on_uganda_2017.uganda_household_number\\",
        \\"name\\": \\"Number of households\\",
        \\"source\\": \\"National Population and Housing Census 2014, Uganda Bureau of Statistics.\\",
        \\"tooltip\\": \\"Number of households.\\",
      },
    ],
    \\"name\\": \\"Population\\",
    \\"position\\": 2,
  },
  Object {
    \\"default_indicator\\": \\"spotlight_on_uganda_2017.uganda_leaving_exam_perf_rate\\",
    \\"id\\": \\"education\\",
    \\"indicators\\": Array [
      Object {
        \\"heading\\": \\"The percentage of pupils that pass the primary education leaving exam, by district.\\",
        \\"id\\": \\"spotlight_on_uganda_2017.uganda_leaving_exam_perf_rate\\",
        \\"name\\": \\"Primary leaving exam performance index\\",
        \\"source\\": \\"Education abstracts 2010-2018 budget data, Ministry of Education.\\",
        \\"tooltip\\": \\"% of pupils passing the primary education leaving exam.\\",
      },
      Object {
        \\"heading\\": \\"The number of children of official primary school age who are enrolled in primary education as a percentage of the total children of the official school age population.\\",
        \\"id\\": \\"spotlight_on_uganda_2017.uganda_primary_enrol\\",
        \\"name\\": \\"Primary net enrolment rate\\",
        \\"source\\": \\"Education statistics abstracts 2010-2016, Ministry of Education.\\",
        \\"tooltip\\": \\"Primary net enrolment rate.\\",
      },
      Object {
        \\"heading\\": \\"Primary pupil to classroom ratio-all schools.\\",
        \\"id\\": \\"spotlight_on_uganda_2017.uganda_primary_pupil_classroom_ratio\\",
        \\"name\\": \\"Primary pupil to classroom ratio-all schools\\",
        \\"source\\": \\"Education statistics abstracts 2010-2016, Ministry of Education.\\",
        \\"tooltip\\": \\"Primary pupil to classroom ratio-all schools.\\",
      },
      Object {
        \\"heading\\": \\"Primary pupil to classroom ratio-government schools.\\",
        \\"id\\": \\"spotlight_on_uganda_2017.uganda_primary_pupil_classroom_ratio_gov\\",
        \\"name\\": \\"Primary pupil to classroom ratio-government schools\\",
        \\"source\\": \\"Education statistics abstracts 2010-2016, Ministry of Education.\\",
        \\"tooltip\\": \\"Primary pupil to classroom ratio-government schools.\\",
      },
      Object {
        \\"heading\\": \\"Primary pupil to classroom ratio-private schools.\\",
        \\"id\\": \\"spotlight_on_uganda_2017.uganda_primary_pupil_classroom_ratio_priv\\",
        \\"name\\": \\"Primary pupil to classroom ratio-private schools\\",
        \\"source\\": \\"Education statistics abstracts 2010-2016, Ministry of Education.\\",
        \\"tooltip\\": \\"Primary pupil to classroom ratio-private schools.\\",
      },
      Object {
        \\"heading\\": \\"The number of pupils per teacher in all primary education schools, by district.\\",
        \\"id\\": \\"spotlight_on_uganda_2017.uganda_primary_stu_teach_ratio\\",
        \\"name\\": \\"Primary pupil to teacher ratio-all schools\\",
        \\"source\\": \\"Education statistics abstracts 2010-2016, Ministry of Education.\\",
        \\"tooltip\\": \\"Primary pupil to teacher ratio-all schools.\\",
      },
      Object {
        \\"heading\\": \\"Primary pupil to teacher ratio-government schools.\\",
        \\"id\\": \\"spotlight_on_uganda_2017.uganda_primary_stu_teach_ratio_gov\\",
        \\"name\\": \\"Primary pupil to teacher ratio-government schools\\",
        \\"source\\": \\"Education statistics abstracts 2010-2016, Ministry of Education.\\",
        \\"tooltip\\": \\"Primary pupil to teacher ratio-government schools.\\",
      },
      Object {
        \\"heading\\": \\"Primary pupil to teacher ratio-private schools.\\",
        \\"id\\": \\"spotlight_on_uganda_2017.uganda_primary_stu_teach_ratio_priv\\",
        \\"name\\": \\"Primary pupil to teacher ratio-private schools\\",
        \\"source\\": \\"Education statistics abstracts 2010-2016, Ministry of Education.\\",
        \\"tooltip\\": \\"Primary pupil to teacher ratio-private schools.\\",
      },
      Object {
        \\"heading\\": \\"Primary pupil to toilet stance ratio-all schools.\\",
        \\"id\\": \\"spotlight_on_uganda_2017.uganda_primary_pupil_stance_ratio\\",
        \\"name\\": \\"Primary pupil to toilet stance ratio-all schools\\",
        \\"source\\": \\"Education statistics abstracts 2010-2016, Ministry of Education.\\",
        \\"tooltip\\": \\"Primary pupil to toilet stance ratio-all schools.\\",
      },
      Object {
        \\"heading\\": \\"Primary pupil to toilet stance ratio-government schools.\\",
        \\"id\\": \\"spotlight_on_uganda_2017.uganda_primary_pupil_stance_ratio_gov\\",
        \\"name\\": \\"Primary pupil to toilet stance ratio-government schools\\",
        \\"source\\": \\"Education statistics abstracts 2010-2016, Ministry of Education.\\",
        \\"tooltip\\": \\"Primary pupil to toilet stance ratio-government schools.\\",
      },
      Object {
        \\"heading\\": \\"Primary pupil to toilet stance ratio-private schools.\\",
        \\"id\\": \\"spotlight_on_uganda_2017.uganda_primary_pupil_stance_ratio_priv\\",
        \\"name\\": \\"Primary pupil to toilet stance ratio-private schools\\",
        \\"source\\": \\"Education statistics abstracts 2010-2016, Ministry of Education.\\",
        \\"tooltip\\": \\"Primary pupil to toilet stance ratio-private schools.\\",
      },
      Object {
        \\"heading\\": \\"The percentage of primary school pupils in government and private run educational facilities that have adequate reading and writing space in their classrooms, by district.\\",
        \\"id\\": \\"spotlight_on_uganda_2017.uganda_primary_sit_write\\",
        \\"name\\": \\"Primary pupils with adequate sitting and writing space-all schools (%)\\",
        \\"source\\": \\"Education statistics abstracts 2010-2016, Ministry of Education.\\",
        \\"tooltip\\": \\"Primary pupils with adequate sitting and writing space-all schools (%).\\",
      },
      Object {
        \\"heading\\": \\"The percentage of primary school pupils in government run educational facilities that have adequate reading and writing space in their classrooms, by district.\\",
        \\"id\\": \\"spotlight_on_uganda_2017.uganda_primary_sit_write_gov\\",
        \\"name\\": \\"Primary pupils with adequate sitting and writing space-government schools (%)\\",
        \\"source\\": \\"Education statistics abstracts 2010-2016, Ministry of Education.\\",
        \\"tooltip\\": \\"Primary pupils with adequate sitting and writing space-government schools (%).\\",
      },
      Object {
        \\"heading\\": \\"Total local government expenditure per child in government funded primary education by district.\\",
        \\"id\\": \\"spotlight_on_uganda_2017.uganda_primary_educ_funding\\",
        \\"name\\": \\"Primary education spending per child\\",
        \\"source\\": \\"Local government budgets, Ministry of Finance, Planning and Economic Development.\\",
        \\"tooltip\\": \\"Primary education spending, per child.\\",
      },
      Object {
        \\"heading\\": \\"On-budget donor funded expenditure allocations per child in government primary education, by district.\\",
        \\"id\\": \\"spotlight_on_uganda_2017.uganda_donor_educ_spend\\",
        \\"name\\": \\"Primary education donor spending per child\\",
        \\"source\\": \\"Local government budgets, Ministry of Finance, Planning and Economic Development.\\",
        \\"tooltip\\": \\"Primary education donor spending per child.\\",
      },
      Object {
        \\"heading\\": \\"The number of children of official secondary school age who are enrolled in secondary education as a percentage of the total children of the official school age population.\\",
        \\"id\\": \\"spotlight_on_uganda_2017.uganda_secondary_enrol\\",
        \\"name\\": \\"Secondary net enrolment rate\\",
        \\"source\\": \\"Education statistics abstracts 2010-2016, Ministry of Education.\\",
        \\"tooltip\\": \\"Secondary net enrolment rate.\\",
      },
      Object {
        \\"heading\\": \\"The percentage of secondary school pupils in government run educational facilities that have adequate reading and writing space in their classrooms, by district.\\",
        \\"id\\": \\"spotlight_on_uganda_2017.uganda_secondary_sit_write_gov\\",
        \\"name\\": \\"Secondary students with adequate sitting and writing space (government schools)\\",
        \\"source\\": \\"Education statistics abstracts 2010-2016, Ministry of Education.\\",
        \\"tooltip\\": \\"Secondary pupils with adequate sitting and writing space-government schools.\\",
      },
      Object {
        \\"heading\\": \\"The percentage of secondary school pupils in government and private run educational facilities that have adequate reading and writing space in their classrooms, by district.\\",
        \\"id\\": \\"spotlight_on_uganda_2017.uganda_secondary_sit_write\\",
        \\"name\\": \\"Secondary students with adequate sitting and writing space (total)\\",
        \\"source\\": \\"Education statistics abstracts 2010-2016, Ministry of Education.\\",
        \\"tooltip\\": \\"Secondary pupils with adequate sitting and writing space-all schools.\\",
      },
      Object {
        \\"heading\\": \\"The relationship between the number of students enrolled in a school and the number of 'full-time equivalent' teachers employed by the school, by district.\\",
        \\"id\\": \\"spotlight_on_uganda_2017.uganda_secondary_stu_teach_ratio_gov\\",
        \\"name\\": \\"Secondary students-teacher ratio (government schools)\\",
        \\"source\\": \\"Education statistics abstracts 2010-2016, Ministry of Education.\\",
        \\"tooltip\\": \\"Secondary pupil-teacher ratio-government schools.\\",
      },
      Object {
        \\"heading\\": \\"The number of pupils per teacher in all secondary education schools, by district.\\",
        \\"id\\": \\"spotlight_on_uganda_2017.uganda_secondary_stu_teach_ratio\\",
        \\"name\\": \\"Secondary students-teacher ratio (total)\\",
        \\"source\\": \\"Education statistics abstracts 2010-2016, Ministry of Education.\\",
        \\"tooltip\\": \\"Secondary pupil-teacher ratio-all schools.\\",
      },
      Object {
        \\"heading\\": \\"Secondary student classroom ratio-all schools.\\",
        \\"id\\": \\"spotlight_on_uganda_2017.uganda_secondary_stu_classroom_ratio\\",
        \\"name\\": \\"Secondary student classroom ratio-all schools\\",
        \\"source\\": \\"Education statistics abstracts 2010-2016, Ministry of Education.\\",
        \\"tooltip\\": \\"Secondary student classroom ratio-all schools.\\",
      },
      Object {
        \\"heading\\": \\"Secondary student classroom ratio-government schools.\\",
        \\"id\\": \\"spotlight_on_uganda_2017.uganda_secondary_stu_classroom_ratio_gov\\",
        \\"name\\": \\"Secondary student classroom ratio-government schools\\",
        \\"source\\": \\"Education statistics abstracts 2010-2016, Ministry of Education.\\",
        \\"tooltip\\": \\"Secondary student classroom ratio-government schools.\\",
      },
      Object {
        \\"heading\\": \\"Secondary student classroom ratio-private schools.\\",
        \\"id\\": \\"spotlight_on_uganda_2017.uganda_secondary_stu_classroom_ratio_priv\\",
        \\"name\\": \\"Secondary student classroom ratio-private schools\\",
        \\"source\\": \\"Education statistics abstracts 2010-2016, Ministry of Education.\\",
        \\"tooltip\\": \\"Secondary student classroom ratio-private schools.\\",
      },
      Object {
        \\"heading\\": \\"Secondary student stance ratio-all schools.\\",
        \\"id\\": \\"spotlight_on_uganda_2017.uganda_secondary_stu_stance_ratio\\",
        \\"name\\": \\"Secondary student stance ratio-all schools\\",
        \\"source\\": \\"Education statistics abstracts 2010-2016, Ministry of Education.\\",
        \\"tooltip\\": \\"Secondary student stance ratio-all schools.\\",
      },
      Object {
        \\"heading\\": \\"Secondary student stance ratio-government schools.\\",
        \\"id\\": \\"spotlight_on_uganda_2017.uganda_secondary_stu_stance_ratio_gov\\",
        \\"name\\": \\"Secondary student stance ratio-government schools\\",
        \\"source\\": \\"Education statistics abstracts 2010-2016, Ministry of Education.\\",
        \\"tooltip\\": \\"Secondary student stance ratio-government schools.\\",
      },
      Object {
        \\"heading\\": \\"Secondary student stance ratio-private schools.\\",
        \\"id\\": \\"spotlight_on_uganda_2017.uganda_secondary_stu_stance_ratio_priv\\",
        \\"name\\": \\"Secondary student stance ratio-private schools\\",
        \\"source\\": \\"Education statistics abstracts 2010-2016, Ministry of Education.\\",
        \\"tooltip\\": \\"Secondary student stance ratio-private schools.\\",
      },
    ],
    \\"name\\": \\"Education\\",
    \\"position\\": 3,
  },
  Object {
    \\"default_indicator\\": \\"spotlight_on_uganda_2017.uganda_overall_health\\",
    \\"id\\": \\"health\\",
    \\"indicators\\": Array [
      Object {
        \\"heading\\": \\"A composite index based on the performance of all district health indicators. The higher the score the better the rated performance, with 0 the lowest score possible and 100 the highest.\\",
        \\"id\\": \\"spotlight_on_uganda_2017.uganda_overall_health\\",
        \\"name\\": \\"District league table overall score\\",
        \\"source\\": \\"Annual health sector performance reports 2010-2014, Ministry of Health.\\",
        \\"tooltip\\": \\"District league table overall score.\\",
      },
      Object {
        \\"heading\\": \\"Percentage of successes among a number of attempts for treatment of tuberculosis, by district.\\",
        \\"id\\": \\"spotlight_on_uganda_2017.uganda_tb_success\\",
        \\"name\\": \\"Tuberculosis treatment success rate\\",
        \\"source\\": \\"Annual health sector performance reports 2010-2014, Ministry of Health.\\",
        \\"tooltip\\": \\"Tuberculosis treatment success rate.\\",
      },
      Object {
        \\"heading\\": \\"The average rate of diphtheria treatment coverage, by district.\\",
        \\"id\\": \\"spotlight_on_uganda_2017.uganda_dpt3_coverage\\",
        \\"name\\": \\"Diphtheria treatment coverage rate\\",
        \\"source\\": \\"Annual health sector performance reports 2010-2014, Ministry of Health.\\",
        \\"tooltip\\": \\"Diphtheria treatment coverage rate.\\",
      },
      Object {
        \\"heading\\": \\"The average coverage rate of tetanus toxoid vaccine treatment, by district.\\",
        \\"id\\": \\"spotlight_on_uganda_2017.uganda_ipt2_coverage\\",
        \\"name\\": \\"Tetanus vaccine coverage rate\\",
        \\"source\\": \\"Annual health sector performance reports 2010-2014, Ministry of Health.\\",
        \\"tooltip\\": \\"Tetanus vaccine coverage rate.\\",
      },
      Object {
        \\"heading\\": \\"The percentage rate of antenatal care coverage, by district.\\",
        \\"id\\": \\"spotlight_on_uganda_2017.uganda_anc4_coverage\\",
        \\"name\\": \\"Antenatal care coverage rate\\",
        \\"source\\": \\"Annual health sector performance reports 2010-2014, Ministry of Health.\\",
        \\"tooltip\\": \\"Antenatal care coverage rate.\\",
      },
      Object {
        \\"heading\\": \\"Proportion of approved health job posts that are filled, by district.\\",
        \\"id\\": \\"spotlight_on_uganda_2017.uganda_health_posts\\",
        \\"name\\": \\"Approved posts that are filled (%)\\",
        \\"source\\": \\"Annual health sector performance reports 2010-2014, Ministry of Health.\\",
        \\"tooltip\\": \\"Approved posts that are filled (%).\\",
      },
      Object {
        \\"heading\\": \\"Health Management Information System (HMIS) reporting score, by district. The higher the score the better the rated performance, with 0 the lowest score possible and 10 the highest.\\",
        \\"id\\": \\"spotlight_on_uganda_2017.uganda_hmis\\",
        \\"name\\": \\"HMIS reporting score\\",
        \\"source\\": \\"Annual health sector performance reports 2010-2014, Ministry of Health.\\",
        \\"tooltip\\": \\"HMIS reporting score.\\",
      },
      Object {
        \\"heading\\": \\"Local government spending to healthcare per person, by district.\\",
        \\"id\\": \\"spotlight_on_uganda_2017.uganda_health_funding\\",
        \\"name\\": \\"Primary health spending per person\\",
        \\"source\\": \\"Local government budgets, Ministry of Finance, Planning and Economic Development.\\",
        \\"tooltip\\": \\"Local government health spending, per person.\\",
      },
    ],
    \\"name\\": \\"Health\\",
    \\"position\\": 4,
  },
  Object {
    \\"default_indicator\\": \\"spotlight_on_uganda_2017.uganda_wash_perf_score\\",
    \\"id\\": \\"water_and_sanitation\\",
    \\"indicators\\": Array [
      Object {
        \\"heading\\": \\"A composite index of all district-level water and sanitation performance indicators.\\",
        \\"id\\": \\"spotlight_on_uganda_2017.uganda_wash_perf_score\\",
        \\"name\\": \\"District WASH performance score\\",
        \\"source\\": \\"Water and environment sector performance reports 2010-2016, Ministry of Water and Environment.\\",
        \\"tooltip\\": \\"District WASH performance score.\\",
      },
      Object {
        \\"heading\\": \\"Percentage of households with access to clean water, by district.\\",
        \\"id\\": \\"spotlight_on_uganda_2017.uganda_household_water_coverage\\",
        \\"name\\": \\"Household Water coverage (%)\\",
        \\"source\\": \\"Water and environment sector performance reports 2010-2016, Ministry of Water and Environment.\\",
        \\"tooltip\\": \\"Household Water coverage (%).\\",
      },
      Object {
        \\"heading\\": \\"Proportion of the population that has access to improved sanitation facilities, by district.\\",
        \\"id\\": \\"spotlight_on_uganda_2017.uganda_household_san_cov\\",
        \\"name\\": \\"Household sanitation coverage (%)\\",
        \\"source\\": \\"Water and environment sector performance reports 2010-2016, Ministry of Water and Environment.\\",
        \\"tooltip\\": \\"Household sanitation coverage (%).\\",
      },
      Object {
        \\"heading\\": \\"Percentage of people in rural Uganda who have access to potable water,by district.\\",
        \\"id\\": \\"spotlight_on_uganda_2017.uganda_rural_safe_water\\",
        \\"name\\": \\"Rural access to safe water (%)\\",
        \\"source\\": \\"Water and environment sector performance reports 2010-2016, Ministry of Water and Environment.\\",
        \\"tooltip\\": \\"Rural access to safe water (%).\\",
      },
      Object {
        \\"heading\\": \\"Access to adequate amounts (20 litres per person per day minimum) of safe drinking water (treated surface water or uncontaminated borehole / protected well water) within a convenient distance from the user's dwelling (within a walking distance of not more than half a kilometre), by district.\\",
        \\"id\\": \\"spotlight_on_uganda_2017.uganda_rural_water_func\\",
        \\"name\\": \\"Rural water source functionality (%)\\",
        \\"source\\": \\"Water and environment sector performance reports 2010-2016, Ministry of Water and Environment.\\",
        \\"tooltip\\": \\"Rural water source functionality (%).\\",
      },
      Object {
        \\"heading\\": \\"Deviation between the numbers of persons per improved water point at sub-county level.\\",
        \\"id\\": \\"spotlight_on_uganda_2017.uganda_water_equity_rural\\",
        \\"name\\": \\"Equality in improved water access, rural\\",
        \\"source\\": \\"Water and environment sector performance reports 2010-2016, Ministry of Water and Environment.\\",
        \\"tooltip\\": \\"Deviation between the numbers of persons per improved water point at sub-county level.\\",
      },
      Object {
        \\"heading\\": \\"Percentage of water committees that are functioning, by district.\\",
        \\"id\\": \\"spotlight_on_uganda_2017.uganda_water_source_comm_func\\",
        \\"name\\": \\"Functioning water source committees (%)\\",
        \\"source\\": \\"Water and environment sector performance reports 2010-2016, Ministry of Water and Environment.\\",
        \\"tooltip\\": \\"Functioning water source committees (%).\\",
      },
      Object {
        \\"heading\\": \\"The number of water and sanitation committees with at least one woman in a key position versus the total number of functional WSCs in the same area.\\",
        \\"id\\": \\"spotlight_on_uganda_2017.uganda_water_women_position\\",
        \\"name\\": \\"Gender equality WSC\\",
        \\"source\\": \\"Water and environment sector performance reports 2010-2016, Ministry of Water and Environment.\\",
        \\"tooltip\\": \\"Ratio of water and sanitation committees with at least one woman in a key position versus the total number of functional WSCs in the same area.\\",
      },
    ],
    \\"name\\": \\"Water and sanitation\\",
    \\"position\\": 5,
  },
  Object {
    \\"default_indicator\\": \\"spotlight_on_uganda_2017.uganda_agri_percent\\",
    \\"id\\": \\"district_public_resources\\",
    \\"indicators\\": Array [
      Object {
        \\"heading\\": \\"The proportion of total local government expenditure that is allocated to the agriculture sector, by district.\\",
        \\"id\\": \\"spotlight_on_uganda_2017.uganda_agri_percent\\",
        \\"name\\": \\"Agriculture allocation as a % of total expenditure\\",
        \\"source\\": \\"Local government budgets, Ministry of Finance, Planning and Economic Development.\\",
        \\"tooltip\\": \\"The proportion of total local government expenditure that is allocated to the agriculture sector.\\",
      },
      Object {
        \\"heading\\": \\"The proportion of total local government expenditure that is allocated to the education sector, by district.\\",
        \\"id\\": \\"spotlight_on_uganda_2017.uganda_educ_percent\\",
        \\"name\\": \\"Education allocation as a % of total expenditure\\",
        \\"source\\": \\"Local government budgets, Ministry of Finance, Planning and Economic Development.\\",
        \\"tooltip\\": \\"The proportion of total local government expenditure that is allocated to the education sector, by district.\\",
      },
      Object {
        \\"heading\\": \\"The proportion of total local government expenditure that is allocated to the health sector, by district.\\",
        \\"id\\": \\"spotlight_on_uganda_2017.uganda_health_percent\\",
        \\"name\\": \\"Health allocation as a % of total expenditure\\",
        \\"source\\": \\"Local government budgets, Ministry of Finance, Planning and Economic Development.\\",
        \\"tooltip\\": \\"The proportion of total local government expenditure that is allocated to the health sector.\\",
      },
      Object {
        \\"heading\\": \\"The proportion of local government revenue that is locally generated, through collection of fees, fines and other local taxation, by district.\\",
        \\"id\\": \\"spotlight_on_uganda_2017.uganda_local_percent\\",
        \\"name\\": \\"Locally raised revenues\\",
        \\"source\\": \\"Local government budgets, Ministry of Finance, Planning and Economic Development.\\",
        \\"tooltip\\": \\"The proportion of local government revenue that is locally generated, through collection of fees, fines and other local taxation, by district.\\",
      },
      Object {
        \\"heading\\": \\"The proportion of local government revenue that is funded through donor funding, by district.\\",
        \\"id\\": \\"spotlight_on_uganda_2017.uganda_donor_percent\\",
        \\"name\\": \\"Donor funds\\",
        \\"source\\": \\"Local government budgets, Ministry of Finance, Planning and Economic Development.\\",
        \\"tooltip\\": \\"The proportion of local government revenue that is funded through donor funding, by district.\\",
      },
    ],
    \\"name\\": \\"District public resources\\",
    \\"position\\": 6,
  },
]"
`;
