// Jest Snapshot v1, https://goo.gl/fbAQLP

exports[`Spotlight Uganda module tests should return page data for Spotlight Uganda 1`] = `
"Array [
  Object {
    \\"id\\": \\"introduction\\",
    \\"meta\\": \\"\\",
    \\"narrative\\": \\"\\",
    \\"title\\": \\"Spotlight on Uganda is a comprehensive source of Uganda's financial resource flow data at the sub-national (district) level, alongside indicators on poverty, population, education, health, water, hygiene and sanitation. It highlights the geographical variance in sector performance and financial resources, and seeks to answer whether resources are allocated according to need. Explore the country picture by selecting topics and click on a district for an in-depth profile\\",
  },
]"
`;
