// Jest Snapshot v1, https://goo.gl/fbAQLP

exports[`Unbundling Oda module tests should return page data for the Unbundling Oda 1`] = `
"Array [
  Object {
    \\"id\\": \\"Unbundling aid\\",
    \\"meta\\": \\"\\",
    \\"narrative\\": \\"Explore and compare funding priorities for official development assistance\\",
    \\"title\\": \\"Unbundling aid\\",
  },
]"
`;
