// Jest Snapshot v1, https://goo.gl/fbAQLP

exports[`Unbundling aid DW module tests getting unbundling aid data of various types 1`] = `
"Object {
  \\"dataA\\": Array [
    Object {
      \\"color\\": \\"#e8443a\\",
      \\"id\\": \\"agriculture-and-food-security\\",
      \\"name\\": \\"Agriculture and food security\\",
      \\"uid\\": \\"SJU6JmmBM\\",
      \\"value\\": 683461349.2757,
      \\"year\\": 2015,
    },
    Object {
      \\"color\\": \\"#d64278\\",
      \\"id\\": \\"banking-and-business\\",
      \\"name\\": \\"Banking and business\\",
      \\"uid\\": \\"BJxLpy7XHM\\",
      \\"value\\": 960414844.446,
      \\"year\\": 2015,
    },
    Object {
      \\"color\\": \\"#e8443a\\",
      \\"id\\": \\"education\\",
      \\"name\\": \\"Education\\",
      \\"uid\\": \\"HJZLT1m7BG\\",
      \\"value\\": 1001708266.0027188,
      \\"year\\": 2015,
    },
    Object {
      \\"color\\": \\"#f18e5e\\",
      \\"id\\": \\"environment\\",
      \\"name\\": \\"Environment\\",
      \\"uid\\": \\"HyMUaJm7rz\\",
      \\"value\\": 501812904.011,
      \\"year\\": 2015,
    },
    Object {
      \\"color\\": \\"#893f90\\",
      \\"id\\": \\"general-budget-support\\",
      \\"name\\": \\"General budget support\\",
      \\"uid\\": \\"BkmIT1mmSM\\",
      \\"value\\": 75944800,
      \\"year\\": 2015,
    },
    Object {
      \\"color\\": \\"#d85b31\\",
      \\"id\\": \\"governance-security-and-civil-society\\",
      \\"name\\": \\"Governance, security and civil society\\",
      \\"uid\\": \\"HJVU6J7XHf\\",
      \\"value\\": 1577529341.5161,
      \\"year\\": 2015,
    },
    Object {
      \\"color\\": \\"#007851\\",
      \\"id\\": \\"health\\",
      \\"name\\": \\"Health\\",
      \\"uid\\": \\"HkHL6y7mBf\\",
      \\"value\\": 1536669265.7849,
      \\"year\\": 2015,
    },
    Object {
      \\"color\\": \\"#bc2629\\",
      \\"id\\": \\"humanitarian\\",
      \\"name\\": \\"Humanitarian\\",
      \\"uid\\": \\"BJ8UpyX7BG\\",
      \\"value\\": 1942821602.524,
      \\"year\\": 2015,
    },
    Object {
      \\"color\\": \\"#5da3d9\\",
      \\"id\\": \\"industry-and-trade\\",
      \\"name\\": \\"Industry and trade\\",
      \\"uid\\": \\"SJDITJmXHM\\",
      \\"value\\": 216979058.048,
      \\"year\\": 2015,
    },
    Object {
      \\"color\\": \\"#f18e5e\\",
      \\"id\\": \\"infrastructure\\",
      \\"name\\": \\"Infrastructure\\",
      \\"uid\\": \\"SJO8ak77BM\\",
      \\"value\\": 411066389.450742,
      \\"year\\": 2015,
    },
    Object {
      \\"color\\": \\"#7b3b89\\",
      \\"id\\": \\"other\\",
      \\"name\\": \\"Other\\",
      \\"uid\\": \\"H1YLaJQmBz\\",
      \\"value\\": 2204973282.188533,
      \\"year\\": 2015,
    },
    Object {
      \\"color\\": \\"#893f90\\",
      \\"id\\": \\"other-social-services\\",
      \\"name\\": \\"Other social services\\",
      \\"uid\\": \\"BkcLTy7mHf\\",
      \\"value\\": 445825223.67,
      \\"year\\": 2015,
    },
    Object {
      \\"color\\": \\"#0089cc\\",
      \\"id\\": \\"water-and-sanitation\\",
      \\"name\\": \\"Water and sanitation\\",
      \\"uid\\": \\"S1j86kXXrf\\",
      \\"value\\": 282071261.8133,
      \\"year\\": 2015,
    },
  ],
}"
`;
