// Jest Snapshot v1, https://goo.gl/fbAQLP

exports[`Github concept data tests should get methodology data 1`] = `"Array []"`;
