// Jest Snapshot v1, https://goo.gl/fbAQLP

exports[`Utility functions test should create an aggregate sql query for a single year i.e unbundling aid 1`] = `"\\"SELECT bundle, year, sum(value) AS value from fact.oda WHERE value > 0 AND from_di_id = afdb AND to_di_id = UG AND year = 2013 GROUP BY bundle, year\\""`;

exports[`Utility functions test should create an aggregate sql query for multiple years 1`] = `"\\"SELECT bundle, year, sum(value) As value from fact.oda WHERE value > 0 AND from_di_id = afdb AND to_di_id = UG AND year >= 2013 AND year <= 2015 GROUP BY bundle, year\\""`;
